Archive member included to satisfy reference by file (symbol)

c:/st/stm32cubeide_1.2.0/stm32cubeide/plugins/com.st.stm32cube.ide.mcu.externaltools.gnu-tools-for-stm32.9-2020-q2-update.win32_2.0.0.202105311346/tools/bin/../lib/gcc/arm-none-eabi/9.3.1/../../../../arm-none-eabi/lib/thumb/v7e-m+fp/hard\libc_nano.a(lib_a-errno.o)
                              ./Core/Src/syscalls.o (__errno)
c:/st/stm32cubeide_1.2.0/stm32cubeide/plugins/com.st.stm32cube.ide.mcu.externaltools.gnu-tools-for-stm32.9-2020-q2-update.win32_2.0.0.202105311346/tools/bin/../lib/gcc/arm-none-eabi/9.3.1/../../../../arm-none-eabi/lib/thumb/v7e-m+fp/hard\libc_nano.a(lib_a-exit.o)
                              c:/st/stm32cubeide_1.2.0/stm32cubeide/plugins/com.st.stm32cube.ide.mcu.externaltools.gnu-tools-for-stm32.9-2020-q2-update.win32_2.0.0.202105311346/tools/bin/../lib/gcc/arm-none-eabi/9.3.1/../../../../arm-none-eabi/lib/thumb/v7e-m+fp/hard/crt0.o (exit)
c:/st/stm32cubeide_1.2.0/stm32cubeide/plugins/com.st.stm32cube.ide.mcu.externaltools.gnu-tools-for-stm32.9-2020-q2-update.win32_2.0.0.202105311346/tools/bin/../lib/gcc/arm-none-eabi/9.3.1/../../../../arm-none-eabi/lib/thumb/v7e-m+fp/hard\libc_nano.a(lib_a-impure.o)
                              c:/st/stm32cubeide_1.2.0/stm32cubeide/plugins/com.st.stm32cube.ide.mcu.externaltools.gnu-tools-for-stm32.9-2020-q2-update.win32_2.0.0.202105311346/tools/bin/../lib/gcc/arm-none-eabi/9.3.1/../../../../arm-none-eabi/lib/thumb/v7e-m+fp/hard\libc_nano.a(lib_a-exit.o) (_global_impure_ptr)
c:/st/stm32cubeide_1.2.0/stm32cubeide/plugins/com.st.stm32cube.ide.mcu.externaltools.gnu-tools-for-stm32.9-2020-q2-update.win32_2.0.0.202105311346/tools/bin/../lib/gcc/arm-none-eabi/9.3.1/../../../../arm-none-eabi/lib/thumb/v7e-m+fp/hard\libc_nano.a(lib_a-init.o)
                              c:/st/stm32cubeide_1.2.0/stm32cubeide/plugins/com.st.stm32cube.ide.mcu.externaltools.gnu-tools-for-stm32.9-2020-q2-update.win32_2.0.0.202105311346/tools/bin/../lib/gcc/arm-none-eabi/9.3.1/../../../../arm-none-eabi/lib/thumb/v7e-m+fp/hard/crt0.o (__libc_init_array)
c:/st/stm32cubeide_1.2.0/stm32cubeide/plugins/com.st.stm32cube.ide.mcu.externaltools.gnu-tools-for-stm32.9-2020-q2-update.win32_2.0.0.202105311346/tools/bin/../lib/gcc/arm-none-eabi/9.3.1/../../../../arm-none-eabi/lib/thumb/v7e-m+fp/hard\libc_nano.a(lib_a-memset.o)
                              c:/st/stm32cubeide_1.2.0/stm32cubeide/plugins/com.st.stm32cube.ide.mcu.externaltools.gnu-tools-for-stm32.9-2020-q2-update.win32_2.0.0.202105311346/tools/bin/../lib/gcc/arm-none-eabi/9.3.1/../../../../arm-none-eabi/lib/thumb/v7e-m+fp/hard/crt0.o (memset)

Allocating common symbols
Common symbol       size              file

uwTick              0x4               ./Drivers/STM32L4xx_HAL_Driver/Src/stm32l4xx_hal.o
OUT                 0x2               ./Core/Src/main.o
htsc                0x44              ./Core/Src/main.o

Discarded input sections

 .text          0x0000000000000000        0x0 c:/st/stm32cubeide_1.2.0/stm32cubeide/plugins/com.st.stm32cube.ide.mcu.externaltools.gnu-tools-for-stm32.9-2020-q2-update.win32_2.0.0.202105311346/tools/bin/../lib/gcc/arm-none-eabi/9.3.1/thumb/v7e-m+fp/hard/crti.o
 .data          0x0000000000000000        0x0 c:/st/stm32cubeide_1.2.0/stm32cubeide/plugins/com.st.stm32cube.ide.mcu.externaltools.gnu-tools-for-stm32.9-2020-q2-update.win32_2.0.0.202105311346/tools/bin/../lib/gcc/arm-none-eabi/9.3.1/thumb/v7e-m+fp/hard/crti.o
 .bss           0x0000000000000000        0x0 c:/st/stm32cubeide_1.2.0/stm32cubeide/plugins/com.st.stm32cube.ide.mcu.externaltools.gnu-tools-for-stm32.9-2020-q2-update.win32_2.0.0.202105311346/tools/bin/../lib/gcc/arm-none-eabi/9.3.1/thumb/v7e-m+fp/hard/crti.o
 .data          0x0000000000000000        0x4 c:/st/stm32cubeide_1.2.0/stm32cubeide/plugins/com.st.stm32cube.ide.mcu.externaltools.gnu-tools-for-stm32.9-2020-q2-update.win32_2.0.0.202105311346/tools/bin/../lib/gcc/arm-none-eabi/9.3.1/thumb/v7e-m+fp/hard/crtbegin.o
 .text          0x0000000000000000       0x7c c:/st/stm32cubeide_1.2.0/stm32cubeide/plugins/com.st.stm32cube.ide.mcu.externaltools.gnu-tools-for-stm32.9-2020-q2-update.win32_2.0.0.202105311346/tools/bin/../lib/gcc/arm-none-eabi/9.3.1/../../../../arm-none-eabi/lib/thumb/v7e-m+fp/hard/crt0.o
 .data          0x0000000000000000        0x0 c:/st/stm32cubeide_1.2.0/stm32cubeide/plugins/com.st.stm32cube.ide.mcu.externaltools.gnu-tools-for-stm32.9-2020-q2-update.win32_2.0.0.202105311346/tools/bin/../lib/gcc/arm-none-eabi/9.3.1/../../../../arm-none-eabi/lib/thumb/v7e-m+fp/hard/crt0.o
 .bss           0x0000000000000000        0x0 c:/st/stm32cubeide_1.2.0/stm32cubeide/plugins/com.st.stm32cube.ide.mcu.externaltools.gnu-tools-for-stm32.9-2020-q2-update.win32_2.0.0.202105311346/tools/bin/../lib/gcc/arm-none-eabi/9.3.1/../../../../arm-none-eabi/lib/thumb/v7e-m+fp/hard/crt0.o
[...]
Memory Configuration

Name             Origin             Length             Attributes
RAM              0x0000000020000000 0x0000000000018000 xrw
RAM2             0x0000000010000000 0x0000000000008000 xrw
FLASH            0x0000000008000000 0x0000000000100000 xr
*default*        0x0000000000000000 0xffffffffffffffff

Linker script and memory map

LOAD c:/st/stm32cubeide_1.2.0/stm32cubeide/plugins/com.st.stm32cube.ide.mcu.externaltools.gnu-tools-for-stm32.9-2020-q2-update.win32_2.0.0.202105311346/tools/bin/../lib/gcc/arm-none-eabi/9.3.1/thumb/v7e-m+fp/hard/crti.o
LOAD c:/st/stm32cubeide_1.2.0/stm32cubeide/plugins/com.st.stm32cube.ide.mcu.externaltools.gnu-tools-for-stm32.9-2020-q2-update.win32_2.0.0.202105311346/tools/bin/../lib/gcc/arm-none-eabi/9.3.1/thumb/v7e-m+fp/hard/crtbegin.o
LOAD c:/st/stm32cubeide_1.2.0/stm32cubeide/plugins/com.st.stm32cube.ide.mcu.externaltools.gnu-tools-for-stm32.9-2020-q2-update.win32_2.0.0.202105311346/tools/bin/../lib/gcc/arm-none-eabi/9.3.1/../../../../arm-none-eabi/lib/thumb/v7e-m+fp/hard/crt0.o
LOAD ./Core/Src/main.o
LOAD ./Core/Src/stm32l4xx_hal_msp.o
LOAD ./Core/Src/stm32l4xx_it.o
LOAD ./Core/Src/syscalls.o
LOAD ./Core/Src/sysmem.o
LOAD ./Core/Src/system_stm32l4xx.o
LOAD ./Core/Startup/startup_stm32l476rgtx.o
LOAD ./Drivers/STM32L4xx_HAL_Driver/Src/stm32l4xx_hal.o
LOAD ./Drivers/STM32L4xx_HAL_Driver/Src/stm32l4xx_hal_cortex.o
LOAD ./Drivers/STM32L4xx_HAL_Driver/Src/stm32l4xx_hal_dma.o
LOAD ./Drivers/STM32L4xx_HAL_Driver/Src/stm32l4xx_hal_dma_ex.o
LOAD ./Drivers/STM32L4xx_HAL_Driver/Src/stm32l4xx_hal_exti.o
LOAD ./Drivers/STM32L4xx_HAL_Driver/Src/stm32l4xx_hal_flash.o
LOAD ./Drivers/STM32L4xx_HAL_Driver/Src/stm32l4xx_hal_flash_ex.o
LOAD ./Drivers/STM32L4xx_HAL_Driver/Src/stm32l4xx_hal_flash_ramfunc.o
LOAD ./Drivers/STM32L4xx_HAL_Driver/Src/stm32l4xx_hal_gpio.o
LOAD ./Drivers/STM32L4xx_HAL_Driver/Src/stm32l4xx_hal_i2c.o
LOAD ./Drivers/STM32L4xx_HAL_Driver/Src/stm32l4xx_hal_i2c_ex.o
LOAD ./Drivers/STM32L4xx_HAL_Driver/Src/stm32l4xx_hal_pwr.o
LOAD ./Drivers/STM32L4xx_HAL_Driver/Src/stm32l4xx_hal_pwr_ex.o
LOAD ./Drivers/STM32L4xx_HAL_Driver/Src/stm32l4xx_hal_rcc.o
LOAD ./Drivers/STM32L4xx_HAL_Driver/Src/stm32l4xx_hal_rcc_ex.o
LOAD ./Drivers/STM32L4xx_HAL_Driver/Src/stm32l4xx_hal_tim.o
LOAD ./Drivers/STM32L4xx_HAL_Driver/Src/stm32l4xx_hal_tim_ex.o
LOAD ./Drivers/STM32L4xx_HAL_Driver/Src/stm32l4xx_hal_tsc.o
START GROUP
LOAD c:/st/stm32cubeide_1.2.0/stm32cubeide/plugins/com.st.stm32cube.ide.mcu.externaltools.gnu-tools-for-stm32.9-2020-q2-update.win32_2.0.0.202105311346/tools/bin/../lib/gcc/arm-none-eabi/9.3.1/../../../../arm-none-eabi/lib/thumb/v7e-m+fp/hard\libc_nano.a
LOAD c:/st/stm32cubeide_1.2.0/stm32cubeide/plugins/com.st.stm32cube.ide.mcu.externaltools.gnu-tools-for-stm32.9-2020-q2-update.win32_2.0.0.202105311346/tools/bin/../lib/gcc/arm-none-eabi/9.3.1/../../../../arm-none-eabi/lib/thumb/v7e-m+fp/hard\libm.a
END GROUP
START GROUP
LOAD c:/st/stm32cubeide_1.2.0/stm32cubeide/plugins/com.st.stm32cube.ide.mcu.externaltools.gnu-tools-for-stm32.9-2020-q2-update.win32_2.0.0.202105311346/tools/bin/../lib/gcc/arm-none-eabi/9.3.1/thumb/v7e-m+fp/hard\libgcc.a
LOAD c:/st/stm32cubeide_1.2.0/stm32cubeide/plugins/com.st.stm32cube.ide.mcu.externaltools.gnu-tools-for-stm32.9-2020-q2-update.win32_2.0.0.202105311346/tools/bin/../lib/gcc/arm-none-eabi/9.3.1/../../../../arm-none-eabi/lib/thumb/v7e-m+fp/hard\libc_nano.a
END GROUP
START GROUP
LOAD c:/st/stm32cubeide_1.2.0/stm32cubeide/plugins/com.st.stm32cube.ide.mcu.externaltools.gnu-tools-for-stm32.9-2020-q2-update.win32_2.0.0.202105311346/tools/bin/../lib/gcc/arm-none-eabi/9.3.1/thumb/v7e-m+fp/hard\libgcc.a
LOAD c:/st/stm32cubeide_1.2.0/stm32cubeide/plugins/com.st.stm32cube.ide.mcu.externaltools.gnu-tools-for-stm32.9-2020-q2-update.win32_2.0.0.202105311346/tools/bin/../lib/gcc/arm-none-eabi/9.3.1/../../../../arm-none-eabi/lib/thumb/v7e-m+fp/hard\libc_nano.a
LOAD c:/st/stm32cubeide_1.2.0/stm32cubeide/plugins/com.st.stm32cube.ide.mcu.externaltools.gnu-tools-for-stm32.9-2020-q2-update.win32_2.0.0.202105311346/tools/bin/../lib/gcc/arm-none-eabi/9.3.1/../../../../arm-none-eabi/lib/thumb/v7e-m+fp/hard\libnosys.a
END GROUP
START GROUP
LOAD c:/st/stm32cubeide_1.2.0/stm32cubeide/plugins/com.st.stm32cube.ide.mcu.externaltools.gnu-tools-for-stm32.9-2020-q2-update.win32_2.0.0.202105311346/tools/bin/../lib/gcc/arm-none-eabi/9.3.1/thumb/v7e-m+fp/hard\libgcc.a
LOAD c:/st/stm32cubeide_1.2.0/stm32cubeide/plugins/com.st.stm32cube.ide.mcu.externaltools.gnu-tools-for-stm32.9-2020-q2-update.win32_2.0.0.202105311346/tools/bin/../lib/gcc/arm-none-eabi/9.3.1/../../../../arm-none-eabi/lib/thumb/v7e-m+fp/hard\libc_nano.a
LOAD c:/st/stm32cubeide_1.2.0/stm32cubeide/plugins/com.st.stm32cube.ide.mcu.externaltools.gnu-tools-for-stm32.9-2020-q2-update.win32_2.0.0.202105311346/tools/bin/../lib/gcc/arm-none-eabi/9.3.1/../../../../arm-none-eabi/lib/thumb/v7e-m+fp/hard\libnosys.a
END GROUP
LOAD c:/st/stm32cubeide_1.2.0/stm32cubeide/plugins/com.st.stm32cube.ide.mcu.externaltools.gnu-tools-for-stm32.9-2020-q2-update.win32_2.0.0.202105311346/tools/bin/../lib/gcc/arm-none-eabi/9.3.1/thumb/v7e-m+fp/hard/crtend.o
LOAD c:/st/stm32cubeide_1.2.0/stm32cubeide/plugins/com.st.stm32cube.ide.mcu.externaltools.gnu-tools-for-stm32.9-2020-q2-update.win32_2.0.0.202105311346/tools/bin/../lib/gcc/arm-none-eabi/9.3.1/thumb/v7e-m+fp/hard/crtn.o
                0x0000000020018000                _estack = (ORIGIN (RAM) + LENGTH (RAM))
                0x0000000000000200                _Min_Heap_Size = 0x200
                0x0000000000000400                _Min_Stack_Size = 0x400

.isr_vector     0x0000000008000000      0x188
                0x0000000008000000                . = ALIGN (0x4)
 *(.isr_vector)
 .isr_vector    0x0000000008000000      0x188 ./Core/Startup/startup_stm32l476rgtx.o
                0x0000000008000000                g_pfnVectors
                0x0000000008000188                . = ALIGN (0x4)

.text           0x0000000008000188     0x1ac0
                0x0000000008000188                . = ALIGN (0x4)
 *(.text)
 .text          0x0000000008000188       0x40 c:/st/stm32cubeide_1.2.0/stm32cubeide/plugins/com.st.stm32cube.ide.mcu.externaltools.gnu-tools-for-stm32.9-2020-q2-update.win32_2.0.0.202105311346/tools/bin/../lib/gcc/arm-none-eabi/9.3.1/thumb/v7e-m+fp/hard/crtbegin.o
 *(.text*)
 .text.main     0x00000000080001c8       0x90 ./Core/Src/main.o
                0x00000000080001c8                main
 .text.SystemClock_Config
                0x0000000008000258       0xa2 ./Core/Src/main.o
                0x0000000008000258                SystemClock_Config
 *fill*         0x00000000080002fa        0x2 
 .text.MX_TSC_Init
                0x00000000080002fc       0x84 ./Core/Src/main.o
 .text.MX_GPIO_Init
                0x0000000008000380       0x7c ./Core/Src/main.o
 .text.Error_Handler
                0x00000000080003fc        0xa ./Core/Src/main.o
                0x00000000080003fc                Error_Handler
 *fill*         0x0000000008000406        0x2 
 .text.HAL_MspInit
                0x0000000008000408       0x48 ./Core/Src/stm32l4xx_hal_msp.o
                0x0000000008000408                HAL_MspInit
 .text.HAL_TSC_MspInit
                0x0000000008000450       0xc4 ./Core/Src/stm32l4xx_hal_msp.o
                0x0000000008000450                HAL_TSC_MspInit
 .text.NMI_Handler
                0x0000000008000514        0x6 ./Core/Src/stm32l4xx_it.o
                0x0000000008000514                NMI_Handler
 .text.HardFault_Handler
                0x000000000800051a        0x6 ./Core/Src/stm32l4xx_it.o
                0x000000000800051a                HardFault_Handler
 .text.MemManage_Handler
                0x0000000008000520        0x6 ./Core/Src/stm32l4xx_it.o
                0x0000000008000520                MemManage_Handler
 .text.BusFault_Handler
                0x0000000008000526        0x6 ./Core/Src/stm32l4xx_it.o
                0x0000000008000526                BusFault_Handler
 .text.UsageFault_Handler
                0x000000000800052c        0x6 ./Core/Src/stm32l4xx_it.o
                0x000000000800052c                UsageFault_Handler
 .text.SVC_Handler
                0x0000000008000532        0xe ./Core/Src/stm32l4xx_it.o
                0x0000000008000532                SVC_Handler
 .text.DebugMon_Handler
                0x0000000008000540        0xe ./Core/Src/stm32l4xx_it.o
                0x0000000008000540                DebugMon_Handler
 .text.PendSV_Handler
                0x000000000800054e        0xe ./Core/Src/stm32l4xx_it.o
                0x000000000800054e                PendSV_Handler
 .text.SysTick_Handler
                0x000000000800055c        0xc ./Core/Src/stm32l4xx_it.o
                0x000000000800055c                SysTick_Handler
 .text.SystemInit
                0x0000000008000568       0x64 ./Core/Src/system_stm32l4xx.o
                0x0000000008000568                SystemInit
 .text.Reset_Handler
                0x00000000080005cc       0x50 ./Core/Startup/startup_stm32l476rgtx.o
                0x00000000080005cc                Reset_Handler
 .text.Default_Handler
                0x000000000800061c        0x2 ./Core/Startup/startup_stm32l476rgtx.o
                0x000000000800061c                RTC_Alarm_IRQHandler
                0x000000000800061c                EXTI2_IRQHandler
                0x000000000800061c                TIM8_TRG_COM_IRQHandler
                0x000000000800061c                TIM8_CC_IRQHandler
                0x000000000800061c                TIM1_CC_IRQHandler
                0x000000000800061c                TSC_IRQHandler
                0x000000000800061c                TAMP_STAMP_IRQHandler
                0x000000000800061c                EXTI3_IRQHandler
                0x000000000800061c                LPTIM2_IRQHandler
                0x000000000800061c                DFSDM1_FLT1_IRQHandler
                0x000000000800061c                I2C3_ER_IRQHandler
                0x000000000800061c                DFSDM1_FLT2_IRQHandler
                0x000000000800061c                EXTI0_IRQHandler
                0x000000000800061c                I2C2_EV_IRQHandler
                0x000000000800061c                CAN1_RX0_IRQHandler
                0x000000000800061c                FPU_IRQHandler
                0x000000000800061c                TIM1_UP_TIM16_IRQHandler
                0x000000000800061c                ADC1_2_IRQHandler
                0x000000000800061c                SPI1_IRQHandler
                0x000000000800061c                TIM6_DAC_IRQHandler
                0x000000000800061c                TIM8_UP_IRQHandler
                0x000000000800061c                DMA2_Channel2_IRQHandler
                0x000000000800061c                DMA1_Channel4_IRQHandler
                0x000000000800061c                SAI2_IRQHandler
                0x000000000800061c                DFSDM1_FLT3_IRQHandler
                0x000000000800061c                USART3_IRQHandler
                0x000000000800061c                DMA1_Channel7_IRQHandler
                0x000000000800061c                CAN1_RX1_IRQHandler
                0x000000000800061c                LCD_IRQHandler
                0x000000000800061c                UART5_IRQHandler
                0x000000000800061c                ADC3_IRQHandler
                0x000000000800061c                TIM4_IRQHandler
                0x000000000800061c                DMA2_Channel1_IRQHandler
                0x000000000800061c                QUADSPI_IRQHandler
                0x000000000800061c                I2C1_EV_IRQHandler
                0x000000000800061c                DMA1_Channel6_IRQHandler
                0x000000000800061c                UART4_IRQHandler
                0x000000000800061c                DMA2_Channel4_IRQHandler
                0x000000000800061c                TIM3_IRQHandler
                0x000000000800061c                RCC_IRQHandler
                0x000000000800061c                DMA1_Channel1_IRQHandler
                0x000000000800061c                Default_Handler
                0x000000000800061c                DMA2_Channel7_IRQHandler
                0x000000000800061c                EXTI15_10_IRQHandler
                0x000000000800061c                TIM7_IRQHandler
                0x000000000800061c                SDMMC1_IRQHandler
                0x000000000800061c                TIM5_IRQHandler
                0x000000000800061c                I2C3_EV_IRQHandler
                0x000000000800061c                EXTI9_5_IRQHandler
                0x000000000800061c                RTC_WKUP_IRQHandler
                0x000000000800061c                PVD_PVM_IRQHandler
                0x000000000800061c                SPI2_IRQHandler
                0x000000000800061c                CAN1_TX_IRQHandler
                0x000000000800061c                DMA2_Channel5_IRQHandler
                0x000000000800061c                DMA1_Channel5_IRQHandler
                0x000000000800061c                EXTI4_IRQHandler
                0x000000000800061c                RNG_IRQHandler
                0x000000000800061c                TIM1_TRG_COM_TIM17_IRQHandler
                0x000000000800061c                DMA1_Channel3_IRQHandler
                0x000000000800061c                COMP_IRQHandler
                0x000000000800061c                WWDG_IRQHandler
                0x000000000800061c                LPUART1_IRQHandler
                0x000000000800061c                DMA2_Channel6_IRQHandler
                0x000000000800061c                TIM2_IRQHandler
                0x000000000800061c                EXTI1_IRQHandler
                0x000000000800061c                USART2_IRQHandler
                0x000000000800061c                DFSDM1_FLT0_IRQHandler
                0x000000000800061c                I2C2_ER_IRQHandler
                0x000000000800061c                DMA1_Channel2_IRQHandler
                0x000000000800061c                TIM8_BRK_IRQHandler
                0x000000000800061c                CAN1_SCE_IRQHandler
                0x000000000800061c                FLASH_IRQHandler
                0x000000000800061c                USART1_IRQHandler
                0x000000000800061c                OTG_FS_IRQHandler
                0x000000000800061c                SPI3_IRQHandler
                0x000000000800061c                I2C1_ER_IRQHandler
                0x000000000800061c                FMC_IRQHandler
                0x000000000800061c                SWPMI1_IRQHandler
                0x000000000800061c                LPTIM1_IRQHandler
                0x000000000800061c                SAI1_IRQHandler
                0x000000000800061c                DMA2_Channel3_IRQHandler
                0x000000000800061c                TIM1_BRK_TIM15_IRQHandler
 *fill*         0x000000000800061e        0x2 
 .text.HAL_Init
                0x0000000008000620       0x40 ./Drivers/STM32L4xx_HAL_Driver/Src/stm32l4xx_hal.o
                0x0000000008000620                HAL_Init
 .text.HAL_InitTick
                0x0000000008000660       0x78 ./Drivers/STM32L4xx_HAL_Driver/Src/stm32l4xx_hal.o
                0x0000000008000660                HAL_InitTick
 .text.HAL_IncTick
                0x00000000080006d8       0x28 ./Drivers/STM32L4xx_HAL_Driver/Src/stm32l4xx_hal.o
                0x00000000080006d8                HAL_IncTick
 .text.HAL_GetTick
                0x0000000008000700       0x18 ./Drivers/STM32L4xx_HAL_Driver/Src/stm32l4xx_hal.o
                0x0000000008000700                HAL_GetTick
 .text.HAL_Delay
                0x0000000008000718       0x48 ./Drivers/STM32L4xx_HAL_Driver/Src/stm32l4xx_hal.o
                0x0000000008000718                HAL_Delay
 .text.__NVIC_SetPriorityGrouping
                0x0000000008000760       0x48 ./Drivers/STM32L4xx_HAL_Driver/Src/stm32l4xx_hal_cortex.o
 .text.__NVIC_GetPriorityGrouping
                0x00000000080007a8       0x1c ./Drivers/STM32L4xx_HAL_Driver/Src/stm32l4xx_hal_cortex.o
 .text.__NVIC_SetPriority
                0x00000000080007c4       0x54 ./Drivers/STM32L4xx_HAL_Driver/Src/stm32l4xx_hal_cortex.o
 .text.NVIC_EncodePriority
                0x0000000008000818       0x66 ./Drivers/STM32L4xx_HAL_Driver/Src/stm32l4xx_hal_cortex.o
 *fill*         0x000000000800087e        0x2 
 .text.SysTick_Config
                0x0000000008000880       0x44 ./Drivers/STM32L4xx_HAL_Driver/Src/stm32l4xx_hal_cortex.o
 .text.HAL_NVIC_SetPriorityGrouping
                0x00000000080008c4       0x16 ./Drivers/STM32L4xx_HAL_Driver/Src/stm32l4xx_hal_cortex.o
                0x00000000080008c4                HAL_NVIC_SetPriorityGrouping
 .text.HAL_NVIC_SetPriority
                0x00000000080008da       0x38 ./Drivers/STM32L4xx_HAL_Driver/Src/stm32l4xx_hal_cortex.o
                0x00000000080008da                HAL_NVIC_SetPriority
 .text.HAL_SYSTICK_Config
                0x0000000008000912       0x18 ./Drivers/STM32L4xx_HAL_Driver/Src/stm32l4xx_hal_cortex.o
                0x0000000008000912                HAL_SYSTICK_Config
 *fill*         0x000000000800092a        0x2 
 .text.HAL_GPIO_Init
                0x000000000800092c      0x354 ./Drivers/STM32L4xx_HAL_Driver/Src/stm32l4xx_hal_gpio.o
                0x000000000800092c                HAL_GPIO_Init
 .text.HAL_GPIO_WritePin
                0x0000000008000c80       0x30 ./Drivers/STM32L4xx_HAL_Driver/Src/stm32l4xx_hal_gpio.o
                0x0000000008000c80                HAL_GPIO_WritePin
 .text.HAL_PWREx_GetVoltageRange
                0x0000000008000cb0       0x1c ./Drivers/STM32L4xx_HAL_Driver/Src/stm32l4xx_hal_pwr_ex.o
                0x0000000008000cb0                HAL_PWREx_GetVoltageRange
 .text.HAL_PWREx_ControlVoltageScaling
                0x0000000008000ccc       0xac ./Drivers/STM32L4xx_HAL_Driver/Src/stm32l4xx_hal_pwr_ex.o
                0x0000000008000ccc                HAL_PWREx_ControlVoltageScaling
 .text.HAL_RCC_OscConfig
                0x0000000008000d78      0x7cc ./Drivers/STM32L4xx_HAL_Driver/Src/stm32l4xx_hal_rcc.o
                0x0000000008000d78                HAL_RCC_OscConfig
 .text.HAL_RCC_ClockConfig
                0x0000000008001544      0x1c4 ./Drivers/STM32L4xx_HAL_Driver/Src/stm32l4xx_hal_rcc.o
                0x0000000008001544                HAL_RCC_ClockConfig
 .text.HAL_RCC_GetSysClockFreq
                0x0000000008001708      0x118 ./Drivers/STM32L4xx_HAL_Driver/Src/stm32l4xx_hal_rcc.o
                0x0000000008001708                HAL_RCC_GetSysClockFreq
 .text.RCC_SetFlashLatencyFromMSIRange
                0x0000000008001820       0xc0 ./Drivers/STM32L4xx_HAL_Driver/Src/stm32l4xx_hal_rcc.o
 .text.HAL_TSC_Init
                0x00000000080018e0      0x100 ./Drivers/STM32L4xx_HAL_Driver/Src/stm32l4xx_hal_tsc.o
                0x00000000080018e0                HAL_TSC_Init
 .text.HAL_TSC_Start
                0x00000000080019e0       0x8e ./Drivers/STM32L4xx_HAL_Driver/Src/stm32l4xx_hal_tsc.o
                0x00000000080019e0                HAL_TSC_Start
 .text.HAL_TSC_GroupGetStatus
                0x0000000008001a6e       0x44 ./Drivers/STM32L4xx_HAL_Driver/Src/stm32l4xx_hal_tsc.o
                0x0000000008001a6e                HAL_TSC_GroupGetStatus
 .text.HAL_TSC_GroupGetValue
                0x0000000008001ab2       0x24 ./Drivers/STM32L4xx_HAL_Driver/Src/stm32l4xx_hal_tsc.o
                0x0000000008001ab2                HAL_TSC_GroupGetValue
 .text.HAL_TSC_IODischarge
                0x0000000008001ad6       0x60 ./Drivers/STM32L4xx_HAL_Driver/Src/stm32l4xx_hal_tsc.o
                0x0000000008001ad6                HAL_TSC_IODischarge
 .text.HAL_TSC_GetState
                0x0000000008001b36       0x56 ./Drivers/STM32L4xx_HAL_Driver/Src/stm32l4xx_hal_tsc.o
                0x0000000008001b36                HAL_TSC_GetState
 .text.TSC_extract_groups
                0x0000000008001b8c       0x4a ./Drivers/STM32L4xx_HAL_Driver/Src/stm32l4xx_hal_tsc.o
 *fill*         0x0000000008001bd6        0x2 
 .text.__libc_init_array
                0x0000000008001bd8       0x48 c:/st/stm32cubeide_1.2.0/stm32cubeide/plugins/com.st.stm32cube.ide.mcu.externaltools.gnu-tools-for-stm32.9-2020-q2-update.win32_2.0.0.202105311346/tools/bin/../lib/gcc/arm-none-eabi/9.3.1/../../../../arm-none-eabi/lib/thumb/v7e-m+fp/hard\libc_nano.a(lib_a-init.o)
                0x0000000008001bd8                __libc_init_array
 .text.memset   0x0000000008001c20       0x10 c:/st/stm32cubeide_1.2.0/stm32cubeide/plugins/com.st.stm32cube.ide.mcu.externaltools.gnu-tools-for-stm32.9-2020-q2-update.win32_2.0.0.202105311346/tools/bin/../lib/gcc/arm-none-eabi/9.3.1/../../../../arm-none-eabi/lib/thumb/v7e-m+fp/hard\libc_nano.a(lib_a-memset.o)
                0x0000000008001c20                memset
 *(.glue_7)
 .glue_7        0x0000000008001c30        0x0 linker stubs
 *(.glue_7t)
 .glue_7t       0x0000000008001c30        0x0 linker stubs
 *(.eh_frame)
 .eh_frame      0x0000000008001c30        0x0 c:/st/stm32cubeide_1.2.0/stm32cubeide/plugins/com.st.stm32cube.ide.mcu.externaltools.gnu-tools-for-stm32.9-2020-q2-update.win32_2.0.0.202105311346/tools/bin/../lib/gcc/arm-none-eabi/9.3.1/thumb/v7e-m+fp/hard/crtbegin.o
 *(.init)
 .init          0x0000000008001c30        0x4 c:/st/stm32cubeide_1.2.0/stm32cubeide/plugins/com.st.stm32cube.ide.mcu.externaltools.gnu-tools-for-stm32.9-2020-q2-update.win32_2.0.0.202105311346/tools/bin/../lib/gcc/arm-none-eabi/9.3.1/thumb/v7e-m+fp/hard/crti.o
                0x0000000008001c30                _init
 .init          0x0000000008001c34        0x8 c:/st/stm32cubeide_1.2.0/stm32cubeide/plugins/com.st.stm32cube.ide.mcu.externaltools.gnu-tools-for-stm32.9-2020-q2-update.win32_2.0.0.202105311346/tools/bin/../lib/gcc/arm-none-eabi/9.3.1/thumb/v7e-m+fp/hard/crtn.o
 *(.fini)
 .fini          0x0000000008001c3c        0x4 c:/st/stm32cubeide_1.2.0/stm32cubeide/plugins/com.st.stm32cube.ide.mcu.externaltools.gnu-tools-for-stm32.9-2020-q2-update.win32_2.0.0.202105311346/tools/bin/../lib/gcc/arm-none-eabi/9.3.1/thumb/v7e-m+fp/hard/crti.o
                0x0000000008001c3c                _fini
 .fini          0x0000000008001c40        0x8 c:/st/stm32cubeide_1.2.0/stm32cubeide/plugins/com.st.stm32cube.ide.mcu.externaltools.gnu-tools-for-stm32.9-2020-q2-update.win32_2.0.0.202105311346/tools/bin/../lib/gcc/arm-none-eabi/9.3.1/thumb/v7e-m+fp/hard/crtn.o
                0x0000000008001c48                . = ALIGN (0x4)
                0x0000000008001c48                _etext = .

.vfp11_veneer   0x0000000008001c48        0x0
 .vfp11_veneer  0x0000000008001c48        0x0 linker stubs

.v4_bx          0x0000000008001c48        0x0
 .v4_bx         0x0000000008001c48        0x0 linker stubs

.iplt           0x0000000008001c48        0x0
 .iplt          0x0000000008001c48        0x0 c:/st/stm32cubeide_1.2.0/stm32cubeide/plugins/com.st.stm32cube.ide.mcu.externaltools.gnu-tools-for-stm32.9-2020-q2-update.win32_2.0.0.202105311346/tools/bin/../lib/gcc/arm-none-eabi/9.3.1/thumb/v7e-m+fp/hard/crtbegin.o

.rodata         0x0000000008001c48       0x40
                0x0000000008001c48                . = ALIGN (0x4)
 *(.rodata)
 *(.rodata*)
 .rodata.AHBPrescTable
                0x0000000008001c48       0x10 ./Core/Src/system_stm32l4xx.o
                0x0000000008001c48                AHBPrescTable
 .rodata.MSIRangeTable
                0x0000000008001c58       0x30 ./Core/Src/system_stm32l4xx.o
                0x0000000008001c58                MSIRangeTable
                0x0000000008001c88                . = ALIGN (0x4)

.rel.dyn        0x0000000008001c88        0x0
 .rel.iplt      0x0000000008001c88        0x0 c:/st/stm32cubeide_1.2.0/stm32cubeide/plugins/com.st.stm32cube.ide.mcu.externaltools.gnu-tools-for-stm32.9-2020-q2-update.win32_2.0.0.202105311346/tools/bin/../lib/gcc/arm-none-eabi/9.3.1/thumb/v7e-m+fp/hard/crtbegin.o

.ARM.extab      0x0000000008001c88        0x0
                0x0000000008001c88                . = ALIGN (0x4)
 *(.ARM.extab* .gnu.linkonce.armextab.*)
                0x0000000008001c88                . = ALIGN (0x4)

.ARM            0x0000000008001c88        0x0
                0x0000000008001c88                . = ALIGN (0x4)
                0x0000000008001c88                __exidx_start = .
 *(.ARM.exidx*)
                0x0000000008001c88                __exidx_end = .
                0x0000000008001c88                . = ALIGN (0x4)

.preinit_array  0x0000000008001c88        0x0
                0x0000000008001c88                . = ALIGN (0x4)
                0x0000000008001c88                PROVIDE (__preinit_array_start = .)
 *(.preinit_array*)
                0x0000000008001c88                PROVIDE (__preinit_array_end = .)
                0x0000000008001c88                . = ALIGN (0x4)

.init_array     0x0000000008001c88        0x4
                0x0000000008001c88                . = ALIGN (0x4)
                0x0000000008001c88                PROVIDE (__init_array_start = .)
 *(SORT_BY_NAME(.init_array.*))
 *(.init_array*)
 .init_array    0x0000000008001c88        0x4 c:/st/stm32cubeide_1.2.0/stm32cubeide/plugins/com.st.stm32cube.ide.mcu.externaltools.gnu-tools-for-stm32.9-2020-q2-update.win32_2.0.0.202105311346/tools/bin/../lib/gcc/arm-none-eabi/9.3.1/thumb/v7e-m+fp/hard/crtbegin.o
                0x0000000008001c8c                PROVIDE (__init_array_end = .)
                0x0000000008001c8c                . = ALIGN (0x4)

.fini_array     0x0000000008001c8c        0x4
                0x0000000008001c8c                . = ALIGN (0x4)
                [!provide]                        PROVIDE (__fini_array_start = .)
 *(SORT_BY_NAME(.fini_array.*))
 *(.fini_array*)
 .fini_array    0x0000000008001c8c        0x4 c:/st/stm32cubeide_1.2.0/stm32cubeide/plugins/com.st.stm32cube.ide.mcu.externaltools.gnu-tools-for-stm32.9-2020-q2-update.win32_2.0.0.202105311346/tools/bin/../lib/gcc/arm-none-eabi/9.3.1/thumb/v7e-m+fp/hard/crtbegin.o
                [!provide]                        PROVIDE (__fini_array_end = .)
                0x0000000008001c90                . = ALIGN (0x4)
                0x0000000008001c90                _sidata = LOADADDR (.data)

.data           0x0000000020000000        0xc load address 0x0000000008001c90
                0x0000000020000000                . = ALIGN (0x4)
                0x0000000020000000                _sdata = .
 *(.data)
 *(.data*)
 .data.SystemCoreClock
                0x0000000020000000        0x4 ./Core/Src/system_stm32l4xx.o
                0x0000000020000000                SystemCoreClock
 .data.uwTickPrio
                0x0000000020000004        0x4 ./Drivers/STM32L4xx_HAL_Driver/Src/stm32l4xx_hal.o
                0x0000000020000004                uwTickPrio
 .data.uwTickFreq
                0x0000000020000008        0x1 ./Drivers/STM32L4xx_HAL_Driver/Src/stm32l4xx_hal.o
                0x0000000020000008                uwTickFreq
 *(.RamFunc)
 *(.RamFunc*)
                0x000000002000000c                . = ALIGN (0x4)
 *fill*         0x0000000020000009        0x3 
                0x000000002000000c                _edata = .

.igot.plt       0x000000002000000c        0x0 load address 0x0000000008001c9c
 .igot.plt      0x000000002000000c        0x0 c:/st/stm32cubeide_1.2.0/stm32cubeide/plugins/com.st.stm32cube.ide.mcu.externaltools.gnu-tools-for-stm32.9-2020-q2-update.win32_2.0.0.202105311346/tools/bin/../lib/gcc/arm-none-eabi/9.3.1/thumb/v7e-m+fp/hard/crtbegin.o
                0x000000002000000c                . = ALIGN (0x4)

.bss            0x000000002000000c       0x68 load address 0x0000000008001c9c
                0x000000002000000c                _sbss = .
                0x000000002000000c                __bss_start__ = _sbss
 *(.bss)
 .bss           0x000000002000000c       0x1c c:/st/stm32cubeide_1.2.0/stm32cubeide/plugins/com.st.stm32cube.ide.mcu.externaltools.gnu-tools-for-stm32.9-2020-q2-update.win32_2.0.0.202105311346/tools/bin/../lib/gcc/arm-none-eabi/9.3.1/thumb/v7e-m+fp/hard/crtbegin.o
 *(.bss*)
 *(COMMON)
 COMMON         0x0000000020000028       0x48 ./Core/Src/main.o
                0x0000000020000028                OUT
                0x000000002000002c                htsc
 COMMON         0x0000000020000070        0x4 ./Drivers/STM32L4xx_HAL_Driver/Src/stm32l4xx_hal.o
                0x0000000020000070                uwTick
                0x0000000020000074                . = ALIGN (0x4)
                0x0000000020000074                _ebss = .
                0x0000000020000074                __bss_end__ = _ebss

._user_heap_stack
                0x0000000020000074      0x604 load address 0x0000000008001c9c
                0x0000000020000078                . = ALIGN (0x8)
 *fill*         0x0000000020000074        0x4 
                [!provide]                        PROVIDE (end = .)
                0x0000000020000078                PROVIDE (_end = .)
                0x0000000020000278                . = (. + _Min_Heap_Size)
 *fill*         0x0000000020000078      0x200 
                0x0000000020000678                . = (. + _Min_Stack_Size)
 *fill*         0x0000000020000278      0x400 
                0x0000000020000678                . = ALIGN (0x8)

/DISCARD/
 libc.a(*)
 libm.a(*)
 libgcc.a(*)

.ARM.attributes
                0x0000000000000000       0x30
 *(.ARM.attributes)
 .ARM.attributes
                0x0000000000000000       0x1e c:/st/stm32cubeide_1.2.0/stm32cubeide/plugins/com.st.stm32cube.ide.mcu.externaltools.gnu-tools-for-stm32.9-2020-q2-update.win32_2.0.0.202105311346/tools/bin/../lib/gcc/arm-none-eabi/9.3.1/thumb/v7e-m+fp/hard/crti.o
 .ARM.attributes
                0x000000000000001e       0x34 c:/st/stm32cubeide_1.2.0/stm32cubeide/plugins/com.st.stm32cube.ide.mcu.externaltools.gnu-tools-for-stm32.9-2020-q2-update.win32_2.0.0.202105311346/tools/bin/../lib/gcc/arm-none-eabi/9.3.1/thumb/v7e-m+fp/hard/crtbegin.o
 .ARM.attributes
                0x0000000000000052       0x34 ./Core/Src/main.o
 .ARM.attributes
                0x0000000000000086       0x34 ./Core/Src/stm32l4xx_hal_msp.o
 .ARM.attributes
                0x00000000000000ba       0x34 ./Core/Src/stm32l4xx_it.o
 .ARM.attributes
                0x00000000000000ee       0x34 ./Core/Src/system_stm32l4xx.o
 .ARM.attributes
                0x0000000000000122       0x21 ./Core/Startup/startup_stm32l476rgtx.o
 .ARM.attributes
                0x0000000000000143       0x34 ./Drivers/STM32L4xx_HAL_Driver/Src/stm32l4xx_hal.o
 .ARM.attributes
                0x0000000000000177       0x34 ./Drivers/STM32L4xx_HAL_Driver/Src/stm32l4xx_hal_cortex.o
 .ARM.attributes
                0x00000000000001ab       0x34 ./Drivers/STM32L4xx_HAL_Driver/Src/stm32l4xx_hal_gpio.o
 .ARM.attributes
                0x00000000000001df       0x34 ./Drivers/STM32L4xx_HAL_Driver/Src/stm32l4xx_hal_pwr_ex.o
 .ARM.attributes
                0x0000000000000213       0x34 ./Drivers/STM32L4xx_HAL_Driver/Src/stm32l4xx_hal_rcc.o
 .ARM.attributes
                0x0000000000000247       0x34 ./Drivers/STM32L4xx_HAL_Driver/Src/stm32l4xx_hal_tsc.o
 .ARM.attributes
                0x000000000000027b       0x34 c:/st/stm32cubeide_1.2.0/stm32cubeide/plugins/com.st.stm32cube.ide.mcu.externaltools.gnu-tools-for-stm32.9-2020-q2-update.win32_2.0.0.202105311346/tools/bin/../lib/gcc/arm-none-eabi/9.3.1/../../../../arm-none-eabi/lib/thumb/v7e-m+fp/hard\libc_nano.a(lib_a-init.o)
 .ARM.attributes
                0x00000000000002af       0x34 c:/st/stm32cubeide_1.2.0/stm32cubeide/plugins/com.st.stm32cube.ide.mcu.externaltools.gnu-tools-for-stm32.9-2020-q2-update.win32_2.0.0.202105311346/tools/bin/../lib/gcc/arm-none-eabi/9.3.1/../../../../arm-none-eabi/lib/thumb/v7e-m+fp/hard\libc_nano.a(lib_a-memset.o)
 .ARM.attributes
                0x00000000000002e3       0x1e c:/st/stm32cubeide_1.2.0/stm32cubeide/plugins/com.st.stm32cube.ide.mcu.externaltools.gnu-tools-for-stm32.9-2020-q2-update.win32_2.0.0.202105311346/tools/bin/../lib/gcc/arm-none-eabi/9.3.1/thumb/v7e-m+fp/hard/crtn.o
OUTPUT(tscProximitySensor.elf elf32-littlearm)
LOAD linker stubs
LOAD c:/st/stm32cubeide_1.2.0/stm32cubeide/plugins/com.st.stm32cube.ide.mcu.externaltools.gnu-tools-for-stm32.9-2020-q2-update.win32_2.0.0.202105311346/tools/bin/../lib/gcc/arm-none-eabi/9.3.1/../../../../arm-none-eabi/lib/thumb/v7e-m+fp/hard\libc.a
LOAD c:/st/stm32cubeide_1.2.0/stm32cubeide/plugins/com.st.stm32cube.ide.mcu.externaltools.gnu-tools-for-stm32.9-2020-q2-update.win32_2.0.0.202105311346/tools/bin/../lib/gcc/arm-none-eabi/9.3.1/../../../../arm-none-eabi/lib/thumb/v7e-m+fp/hard\libm.a
LOAD c:/st/stm32cubeide_1.2.0/stm32cubeide/plugins/com.st.stm32cube.ide.mcu.externaltools.gnu-tools-for-stm32.9-2020-q2-update.win32_2.0.0.202105311346/tools/bin/../lib/gcc/arm-none-eabi/9.3.1/thumb/v7e-m+fp/hard\libgcc.a

.debug_info     0x0000000000000000     0x6c76
 .debug_info    0x0000000000000000      0xbca ./Core/Src/main.o
 .debug_info    0x0000000000000bca      0x9a7 ./Core/Src/stm32l4xx_hal_msp.o
 .debug_info    0x0000000000001571      0x373 ./Core/Src/stm32l4xx_it.o
 .debug_info    0x00000000000018e4      0x779 ./Core/Src/system_stm32l4xx.o
 .debug_info    0x000000000000205d       0x22 ./Core/Startup/startup_stm32l476rgtx.o
 .debug_info    0x000000000000207f      0xddb ./Drivers/STM32L4xx_HAL_Driver/Src/stm32l4xx_hal.o
 .debug_info    0x0000000000002e5a     0x102e ./Drivers/STM32L4xx_HAL_Driver/Src/stm32l4xx_hal_cortex.o
 .debug_info    0x0000000000003e88      0xa5f ./Drivers/STM32L4xx_HAL_Driver/Src/stm32l4xx_hal_gpio.o
 .debug_info    0x00000000000048e7      0xbda ./Drivers/STM32L4xx_HAL_Driver/Src/stm32l4xx_hal_pwr_ex.o
 .debug_info    0x00000000000054c1      0xe0b ./Drivers/STM32L4xx_HAL_Driver/Src/stm32l4xx_hal_rcc.o
 .debug_info    0x00000000000062cc      0x9aa ./Drivers/STM32L4xx_HAL_Driver/Src/stm32l4xx_hal_tsc.o

.debug_abbrev   0x0000000000000000     0x13ab
 .debug_abbrev  0x0000000000000000      0x20b ./Core/Src/main.o
 .debug_abbrev  0x000000000000020b      0x184 ./Core/Src/stm32l4xx_hal_msp.o
 .debug_abbrev  0x000000000000038f       0xf2 ./Core/Src/stm32l4xx_it.o
 .debug_abbrev  0x0000000000000481      0x165 ./Core/Src/system_stm32l4xx.o
 .debug_abbrev  0x00000000000005e6       0x12 ./Core/Startup/startup_stm32l476rgtx.o
 .debug_abbrev  0x00000000000005f8      0x227 ./Drivers/STM32L4xx_HAL_Driver/Src/stm32l4xx_hal.o
 .debug_abbrev  0x000000000000081f      0x33c ./Drivers/STM32L4xx_HAL_Driver/Src/stm32l4xx_hal_cortex.o
 .debug_abbrev  0x0000000000000b5b      0x1e8 ./Drivers/STM32L4xx_HAL_Driver/Src/stm32l4xx_hal_gpio.o
 .debug_abbrev  0x0000000000000d43      0x1f3 ./Drivers/STM32L4xx_HAL_Driver/Src/stm32l4xx_hal_pwr_ex.o
 .debug_abbrev  0x0000000000000f36      0x275 ./Drivers/STM32L4xx_HAL_Driver/Src/stm32l4xx_hal_rcc.o
 .debug_abbrev  0x00000000000011ab      0x200 ./Drivers/STM32L4xx_HAL_Driver/Src/stm32l4xx_hal_tsc.o

.debug_aranges  0x0000000000000000      0x640
 .debug_aranges
                0x0000000000000000       0x40 ./Core/Src/main.o
 .debug_aranges
                0x0000000000000040       0x30 ./Core/Src/stm32l4xx_hal_msp.o
 .debug_aranges
                0x0000000000000070       0x60 ./Core/Src/stm32l4xx_it.o
 .debug_aranges
                0x00000000000000d0       0x28 ./Core/Src/system_stm32l4xx.o
 .debug_aranges
                0x00000000000000f8       0x28 ./Core/Startup/startup_stm32l476rgtx.o
 .debug_aranges
                0x0000000000000120      0x130 ./Drivers/STM32L4xx_HAL_Driver/Src/stm32l4xx_hal.o
 .debug_aranges
                0x0000000000000250      0x118 ./Drivers/STM32L4xx_HAL_Driver/Src/stm32l4xx_hal_cortex.o
 .debug_aranges
                0x0000000000000368       0x58 ./Drivers/STM32L4xx_HAL_Driver/Src/stm32l4xx_hal_gpio.o
 .debug_aranges
                0x00000000000003c0      0x150 ./Drivers/STM32L4xx_HAL_Driver/Src/stm32l4xx_hal_pwr_ex.o
 .debug_aranges
                0x0000000000000510       0x88 ./Drivers/STM32L4xx_HAL_Driver/Src/stm32l4xx_hal_rcc.o
 .debug_aranges
                0x0000000000000598       0xa8 ./Drivers/STM32L4xx_HAL_Driver/Src/stm32l4xx_hal_tsc.o

.debug_ranges   0x0000000000000000      0x598
 .debug_ranges  0x0000000000000000       0x30 ./Core/Src/main.o
 .debug_ranges  0x0000000000000030       0x20 ./Core/Src/stm32l4xx_hal_msp.o
 .debug_ranges  0x0000000000000050       0x50 ./Core/Src/stm32l4xx_it.o
 .debug_ranges  0x00000000000000a0       0x18 ./Core/Src/system_stm32l4xx.o
 .debug_ranges  0x00000000000000b8       0x20 ./Core/Startup/startup_stm32l476rgtx.o
 .debug_ranges  0x00000000000000d8      0x120 ./Drivers/STM32L4xx_HAL_Driver/Src/stm32l4xx_hal.o
 .debug_ranges  0x00000000000001f8      0x108 ./Drivers/STM32L4xx_HAL_Driver/Src/stm32l4xx_hal_cortex.o
 .debug_ranges  0x0000000000000300       0x48 ./Drivers/STM32L4xx_HAL_Driver/Src/stm32l4xx_hal_gpio.o
 .debug_ranges  0x0000000000000348      0x140 ./Drivers/STM32L4xx_HAL_Driver/Src/stm32l4xx_hal_pwr_ex.o
 .debug_ranges  0x0000000000000488       0x78 ./Drivers/STM32L4xx_HAL_Driver/Src/stm32l4xx_hal_rcc.o
 .debug_ranges  0x0000000000000500       0x98 ./Drivers/STM32L4xx_HAL_Driver/Src/stm32l4xx_hal_tsc.o

.debug_macro    0x0000000000000000    0x24a4d
 .debug_macro   0x0000000000000000      0x1ca ./Core/Src/main.o
 .debug_macro   0x00000000000001ca      0xaa8 ./Core/Src/main.o
 .debug_macro   0x0000000000000c72      0x1a7 ./Core/Src/main.o
 .debug_macro   0x0000000000000e19       0x2e ./Core/Src/main.o
 .debug_macro   0x0000000000000e47       0x28 ./Core/Src/main.o
 .debug_macro   0x0000000000000e6f       0x22 ./Core/Src/main.o
 .debug_macro   0x0000000000000e91       0x8e ./Core/Src/main.o
 .debug_macro   0x0000000000000f1f       0x51 ./Core/Src/main.o
 .debug_macro   0x0000000000000f70      0x103 ./Core/Src/main.o
 .debug_macro   0x0000000000001073       0x6a ./Core/Src/main.o
 .debug_macro   0x00000000000010dd      0x1df ./Core/Src/main.o
 .debug_macro   0x00000000000012bc       0x1c ./Core/Src/main.o
 .debug_macro   0x00000000000012d8       0x22 ./Core/Src/main.o
 .debug_macro   0x00000000000012fa      0x101 ./Core/Src/main.o
 .debug_macro   0x00000000000013fb     0x1011 ./Core/Src/main.o
 .debug_macro   0x000000000000240c      0x11f ./Core/Src/main.o
 .debug_macro   0x000000000000252b    0x1a13d ./Core/Src/main.o
 .debug_macro   0x000000000001c668       0x43 ./Core/Src/main.o
 .debug_macro   0x000000000001c6ab     0x3897 ./Core/Src/main.o
 .debug_macro   0x000000000001ff42      0x174 ./Core/Src/main.o
 .debug_macro   0x00000000000200b6       0x5c ./Core/Src/main.o
 .debug_macro   0x0000000000020112     0x155f ./Core/Src/main.o
 .debug_macro   0x0000000000021671      0x59e ./Core/Src/main.o
 .debug_macro   0x0000000000021c0f      0x13d ./Core/Src/main.o
 .debug_macro   0x0000000000021d4c      0x18b ./Core/Src/main.o
 .debug_macro   0x0000000000021ed7      0x26b ./Core/Src/main.o
 .debug_macro   0x0000000000022142      0x23d ./Core/Src/main.o
 .debug_macro   0x000000000002237f      0x241 ./Core/Src/main.o
 .debug_macro   0x00000000000225c0      0x37c ./Core/Src/main.o
 .debug_macro   0x000000000002293c       0xd6 ./Core/Src/main.o
 .debug_macro   0x0000000000022a12      0x22c ./Core/Src/main.o
 .debug_macro   0x0000000000022c3e       0x61 ./Core/Src/main.o
 .debug_macro   0x0000000000022c9f       0xa5 ./Core/Src/main.o
 .debug_macro   0x0000000000022d44      0x122 ./Core/Src/main.o
 .debug_macro   0x0000000000022e66      0x3e9 ./Core/Src/main.o
 .debug_macro   0x000000000002324f      0x3de ./Core/Src/main.o
 .debug_macro   0x000000000002362d      0x331 ./Core/Src/main.o
 .debug_macro   0x000000000002395e       0x40 ./Core/Src/main.o
 .debug_macro   0x000000000002399e      0x1ca ./Core/Src/stm32l4xx_hal_msp.o
 .debug_macro   0x0000000000023b68      0x1d4 ./Core/Src/stm32l4xx_it.o
 .debug_macro   0x0000000000023d3c      0x1bb ./Core/Src/system_stm32l4xx.o
 .debug_macro   0x0000000000023ef7      0x209 ./Drivers/STM32L4xx_HAL_Driver/Src/stm32l4xx_hal.o
 .debug_macro   0x0000000000024100      0x1bb ./Drivers/STM32L4xx_HAL_Driver/Src/stm32l4xx_hal_cortex.o
 .debug_macro   0x00000000000242bb      0x1fa ./Drivers/STM32L4xx_HAL_Driver/Src/stm32l4xx_hal_gpio.o
 .debug_macro   0x00000000000244b5      0x1df ./Drivers/STM32L4xx_HAL_Driver/Src/stm32l4xx_hal_pwr_ex.o
 .debug_macro   0x0000000000024694      0x1fd ./Drivers/STM32L4xx_HAL_Driver/Src/stm32l4xx_hal_rcc.o
 .debug_macro   0x0000000000024891      0x1bc ./Drivers/STM32L4xx_HAL_Driver/Src/stm32l4xx_hal_tsc.o

.debug_line     0x0000000000000000     0x6686
 .debug_line    0x0000000000000000      0x7c1 ./Core/Src/main.o
 .debug_line    0x00000000000007c1      0x70b ./Core/Src/stm32l4xx_hal_msp.o
 .debug_line    0x0000000000000ecc      0x76e ./Core/Src/stm32l4xx_it.o
 .debug_line    0x000000000000163a      0x75c ./Core/Src/system_stm32l4xx.o
 .debug_line    0x0000000000001d96       0x87 ./Core/Startup/startup_stm32l476rgtx.o
 .debug_line    0x0000000000001e1d      0xa9c ./Drivers/STM32L4xx_HAL_Driver/Src/stm32l4xx_hal.o
 .debug_line    0x00000000000028b9      0xc42 ./Drivers/STM32L4xx_HAL_Driver/Src/stm32l4xx_hal_cortex.o
 .debug_line    0x00000000000034fb      0xb15 ./Drivers/STM32L4xx_HAL_Driver/Src/stm32l4xx_hal_gpio.o
 .debug_line    0x0000000000004010      0xc57 ./Drivers/STM32L4xx_HAL_Driver/Src/stm32l4xx_hal_pwr_ex.o
 .debug_line    0x0000000000004c67      0xedf ./Drivers/STM32L4xx_HAL_Driver/Src/stm32l4xx_hal_rcc.o
 .debug_line    0x0000000000005b46      0xb40 ./Drivers/STM32L4xx_HAL_Driver/Src/stm32l4xx_hal_tsc.o

.debug_str      0x0000000000000000    0xe295f
 .debug_str     0x0000000000000000    0xe0d89 ./Core/Src/main.o
                                      0xe106c (size before relaxing)
 .debug_str     0x00000000000e0d89       0x4e ./Core/Src/stm32l4xx_hal_msp.o
                                      0xe0e20 (size before relaxing)
 .debug_str     0x00000000000e0dd7       0xbd ./Core/Src/stm32l4xx_it.o
                                      0xe0adc (size before relaxing)
 .debug_str     0x00000000000e0e94       0xb8 ./Core/Src/system_stm32l4xx.o
                                      0xe0b41 (size before relaxing)
 .debug_str     0x00000000000e0f4c       0x36 ./Core/Startup/startup_stm32l476rgtx.o
                                         0x8e (size before relaxing)
 .debug_str     0x00000000000e0f82      0xa66 ./Drivers/STM32L4xx_HAL_Driver/Src/stm32l4xx_hal.o
                                      0xe16ac (size before relaxing)
 .debug_str     0x00000000000e19e8      0x395 ./Drivers/STM32L4xx_HAL_Driver/Src/stm32l4xx_hal_cortex.o
                                      0xe13b0 (size before relaxing)
 .debug_str     0x00000000000e1d7d      0x23b ./Drivers/STM32L4xx_HAL_Driver/Src/stm32l4xx_hal_gpio.o
                                      0xe0ddb (size before relaxing)
 .debug_str     0x00000000000e1fb8      0x4b4 ./Drivers/STM32L4xx_HAL_Driver/Src/stm32l4xx_hal_pwr_ex.o
                                      0xe1077 (size before relaxing)
 .debug_str     0x00000000000e246c      0x34e ./Drivers/STM32L4xx_HAL_Driver/Src/stm32l4xx_hal_rcc.o
                                      0xe111e (size before relaxing)
 .debug_str     0x00000000000e27ba      0x1a5 ./Drivers/STM32L4xx_HAL_Driver/Src/stm32l4xx_hal_tsc.o
                                      0xe0e07 (size before relaxing)

.comment        0x0000000000000000       0x53
 .comment       0x0000000000000000       0x53 ./Core/Src/main.o
                                         0x54 (size before relaxing)
 .comment       0x0000000000000053       0x54 ./Core/Src/stm32l4xx_hal_msp.o
 .comment       0x0000000000000053       0x54 ./Core/Src/stm32l4xx_it.o
 .comment       0x0000000000000053       0x54 ./Core/Src/system_stm32l4xx.o
 .comment       0x0000000000000053       0x54 ./Drivers/STM32L4xx_HAL_Driver/Src/stm32l4xx_hal.o
 .comment       0x0000000000000053       0x54 ./Drivers/STM32L4xx_HAL_Driver/Src/stm32l4xx_hal_cortex.o
 .comment       0x0000000000000053       0x54 ./Drivers/STM32L4xx_HAL_Driver/Src/stm32l4xx_hal_gpio.o
 .comment       0x0000000000000053       0x54 ./Drivers/STM32L4xx_HAL_Driver/Src/stm32l4xx_hal_pwr_ex.o
 .comment       0x0000000000000053       0x54 ./Drivers/STM32L4xx_HAL_Driver/Src/stm32l4xx_hal_rcc.o
 .comment       0x0000000000000053       0x54 ./Drivers/STM32L4xx_HAL_Driver/Src/stm32l4xx_hal_tsc.o

.debug_frame    0x0000000000000000     0x1758
 .debug_frame   0x0000000000000000       0xa8 ./Core/Src/main.o
 .debug_frame   0x00000000000000a8       0x80 ./Core/Src/stm32l4xx_hal_msp.o
 .debug_frame   0x0000000000000128      0x104 ./Core/Src/stm32l4xx_it.o
 .debug_frame   0x000000000000022c       0x58 ./Core/Src/system_stm32l4xx.o
 .debug_frame   0x0000000000000284      0x498 ./Drivers/STM32L4xx_HAL_Driver/Src/stm32l4xx_hal.o
 .debug_frame   0x000000000000071c      0x498 ./Drivers/STM32L4xx_HAL_Driver/Src/stm32l4xx_hal_cortex.o
 .debug_frame   0x0000000000000bb4      0x14c ./Drivers/STM32L4xx_HAL_Driver/Src/stm32l4xx_hal_gpio.o
 .debug_frame   0x0000000000000d00      0x544 ./Drivers/STM32L4xx_HAL_Driver/Src/stm32l4xx_hal_pwr_ex.o
 .debug_frame   0x0000000000001244      0x1f4 ./Drivers/STM32L4xx_HAL_Driver/Src/stm32l4xx_hal_rcc.o
 .debug_frame   0x0000000000001438      0x2d4 ./Drivers/STM32L4xx_HAL_Driver/Src/stm32l4xx_hal_tsc.o
 .debug_frame   0x000000000000170c       0x2c c:/st/stm32cubeide_1.2.0/stm32cubeide/plugins/com.st.stm32cube.ide.mcu.externaltools.gnu-tools-for-stm32.9-2020-q2-update.win32_2.0.0.202105311346/tools/bin/../lib/gcc/arm-none-eabi/9.3.1/../../../../arm-none-eabi/lib/thumb/v7e-m+fp/hard\libc_nano.a(lib_a-init.o)
 .debug_frame   0x0000000000001738       0x20 c:/st/stm32cubeide_1.2.0/stm32cubeide/plugins/com.st.stm32cube.ide.mcu.externaltools.gnu-tools-for-stm32.9-2020-q2-update.win32_2.0.0.202105311346/tools/bin/../lib/gcc/arm-none-eabi/9.3.1/../../../../arm-none-eabi/lib/thumb/v7e-m+fp/hard\libc_nano.a(lib_a-memset.o)
